Launching lib\main.dart on Windows in debug mode...
Building Windows application...                                 
flutter : lib/data/app_state.dart(429,15): 
error G311314CC: Method not found: 
'SparePartsApi'. [D:\developer\repairmybike\r
epairmybike_frontend\build\windows\x64\flutte
r\flutter_assemble.vcxproj]
At line:1 char:1
+ flutter run -d windows > build_output.txt 
2>&1
+ ~~~~~~~~~~~~~~~~~~~~~~~~~~~~~~~~~~~~~~~~~~~
~~~
    + CategoryInfo          : NotSpecified:  
   (lib/data/app_st...semble.vcxproj]:Strin  
  g) [], RemoteException
    + FullyQualifiedErrorId : NativeCommandE 
   rror
 
lib/data/app_state.dart(434,15): error 
G311314CC: Method not found: 
'SparePartsApi'. [D:\developer\repairmybike\r
epairmybike_frontend\build\windows\x64\flutte
r\flutter_assemble.vcxproj]
lib/data/app_state.dart(447,25): error 
G311314CC: Method not found: 
'SparePartsApi'. [D:\developer\repairmybike\r
epairmybike_frontend\build\windows\x64\flutte
r\flutter_assemble.vcxproj]
C:\Program Files (x86)\Microsoft Visual Studi
o\2022\BuildTools\MSBuild\Microsoft\VC\v170\M
icrosoft.CppCommon.targets(254,5): error 
MSB8066: Custom build for 'D:\developer\repai
rmybike\repairmybike_frontend\build\windows\x
64\CMakeFiles\03196de1641ece1df72eed1933affaa
1\flutter_windows.dll.rule;D:\developer\repai
rmybike\repairmybike_frontend\build\windows\x
64\CMakeFiles\94f2aaab245f05c2ae57d65b8fb1e9d
c\flutter_assemble.rule' exited with code 1. 
[D:\developer\repairmybike\repairmybike_front
end\build\windows\x64\flutter\flutter_assembl
e.vcxproj]
Building Windows application...                                    14.7s
Error: Build process failed.
